// Jest Snapshot v1, https://goo.gl/fbAQLP

exports[`testing <TextButton /> component creates snapshot 1`] = `
<DocumentFragment>
  <button
    class="MuiButtonBase-root-29 MuiButton-root-3 MuiButton-text-5 MuiButton-textPrimary-6 MuiButton-flat-8 MuiButton-flatPrimary-9 TextButton-button-1"
    tabindex="0"
    type="button"
  >
    <span
      class="MuiButton-label-4"
    >
      Message
    </span>
    <span
      class="MuiTouchRipple-root-32"
    />
  </button>
</DocumentFragment>
`;
